Nothing to build in platform 'design_1_wrapper'

15:01:58 **** Incremental Build of configuration Debug for project Watch_app ****
make all 
make --no-print-directory pre-build
a9-linaro-pre-build-step
' '
make --no-print-directory main-build
'Building file: ../src/main.c'
'Invoking: ARM v7 gcc compiler'
arm-none-eabi-gcc -Wall -O0 -g3 -c -fmessage-length=0 -MT"src/main.o" -mcpu=cortex-a9 -mfpu=vfpv3 -mfloat-abi=hard -IC:/Users/ruc1p/Coding/3.Git/FPGA_Project/Watch/Watch_Vitis/design_1_wrapper/export/design_1_wrapper/sw/design_1_wrapper/standalone_ps7_cortexa9_0/bspinclude/include -MMD -MP -MF"src/main.d" -MT"src/main.o" -o "src/main.o" "../src/main.c"
../src/main.c: In function 'main':
../src/main.c:43:17: warning: implicit declaration of function 'usleep' [-Wimplicit-function-declaration]
   43 |                 usleep(10000); // wait (for example, 10000 us or 0.01 sec), To prevent over send to PC through uart.
      |                 ^~~~~~
'Finished building: ../src/main.c'
' '
'Building target: Watch_app.elf'
'Invoking: ARM v7 gcc linker'
arm-none-eabi-gcc -mcpu=cortex-a9 -mfpu=vfpv3 -mfloat-abi=hard -Wl,-build-id=none -specs=Xilinx.spec -Wl,-T -Wl,../src/lscript.ld -LC:/Users/ruc1p/Coding/3.Git/FPGA_Project/Watch/Watch_Vitis/design_1_wrapper/export/design_1_wrapper/sw/design_1_wrapper/standalone_ps7_cortexa9_0/bsplib/lib -o "Watch_app.elf"  ./src/main.o   -Wl,--start-group,-lxil,-lgcc,-lc,--end-group
'Finished building target: Watch_app.elf'
' '
'Invoking: ARM v7 Print Size'
arm-none-eabi-size Watch_app.elf  |tee "Watch_app.elf.size"
   text	   data	    bss	    dec	    hex	filename
  77306	   2550	  22640	 102496	  19060	Watch_app.elf
'Finished building: Watch_app.elf.size'
' '
