17:50:44 **** Incremental Build of configuration Debug for project Blink_LED_app ****
make all 
make --no-print-directory pre-build
a9-linaro-pre-build-step
' '
make --no-print-directory main-build
'Building file: ../src/main.c'
'Invoking: ARM v7 gcc compiler'
arm-none-eabi-gcc -Wall -O0 -g3 -c -fmessage-length=0 -MT"src/main.o" -mcpu=cortex-a9 -mfpu=vfpv3 -mfloat-abi=hard -IC:/Users/ruc1p/Coding/3.Git/FPGA_Project/Blink_LED/Blink_LED_Vitis/design_1_wrapper/export/design_1_wrapper/sw/design_1_wrapper/standalone_ps7_cortexa9_0/bspinclude/include -MMD -MP -MF"src/main.d" -MT"src/main.o" -o "src/main.o" "../src/main.c"
'Finished building: ../src/main.c'
' '
'Building target: Blink_LED_app.elf'
'Invoking: ARM v7 gcc linker'
arm-none-eabi-gcc -mcpu=cortex-a9 -mfpu=vfpv3 -mfloat-abi=hard -Wl,-build-id=none -specs=Xilinx.spec -Wl,-T -Wl,../src/lscript.ld -LC:/Users/ruc1p/Coding/3.Git/FPGA_Project/Blink_LED/Blink_LED_Vitis/design_1_wrapper/export/design_1_wrapper/sw/design_1_wrapper/standalone_ps7_cortexa9_0/bsplib/lib -o "Blink_LED_app.elf"  ./src/main.o   -Wl,--start-group,-lxil,-lgcc,-lc,--end-group
'Finished building target: Blink_LED_app.elf'
' '
'Invoking: ARM v7 Print Size'
arm-none-eabi-size Blink_LED_app.elf  |tee "Blink_LED_app.elf.size"
   text	   data	    bss	    dec	    hex	filename
  77402	   2550	  22640	 102592	  190c0	Blink_LED_app.elf
'Finished building: Blink_LED_app.elf.size'
' '

17:50:45 Build Finished (took 738ms)

